../Core/Src/main.c:102:6:uart_Init	16	static
../Core/Src/main.c:119:5:DS18B20_Start	16	static
../Core/Src/main.c:130:6:DS18B20_Write	32	static
../Core/Src/main.c:148:9:DS18B20_Read	32	static
../Core/Src/main.c:173:6:HAL_UART_RxCpltCallback	16	static
../Core/Src/main.c:184:5:main	24	static
../Core/Src/main.c:319:6:SystemClock_Config	88	static
../Core/Src/main.c:366:13:MX_ADC1_Init	24	static
../Core/Src/main.c:418:13:MX_CAN1_Init	8	static
../Core/Src/main.c:455:13:MX_TIM3_Init	32	static
../Core/Src/main.c:500:13:MX_USART2_UART_Init	8	static
../Core/Src/main.c:531:13:MX_DMA_Init	16	static
../Core/Src/main.c:552:13:MX_GPIO_Init	48	static
../Core/Src/main.c:606:6:HAL_ADC_ConvCpltCallback	16	static
../Core/Src/main.c:612:6:HAL_GPIO_EXTI_Callback	16	static
../Core/Src/main.c:630:6:Error_Handler	4	static,ignoring_inline_asm
