Archive member included to satisfy reference by file (symbol)

D:/STM32 Download/CubeIDE/STM32CubeIDE_1.14.1/STM32CubeIDE/plugins/com.st.stm32cube.ide.mcu.externaltools.gnu-tools-for-stm32.13.3.rel1.win32_1.0.0.202411081344/tools/bin/../lib/gcc/arm-none-eabi/13.3.1/../../../../arm-none-eabi/lib/thumb/v7e-m+fp/hard\libc_nano.a(libc_a-exit.o)
                              D:/STM32 Download/CubeIDE/STM32CubeIDE_1.14.1/STM32CubeIDE/plugins/com.st.stm32cube.ide.mcu.externaltools.gnu-tools-for-stm32.13.3.rel1.win32_1.0.0.202411081344/tools/bin/../lib/gcc/arm-none-eabi/13.3.1/../../../../arm-none-eabi/lib/thumb/v7e-m+fp/hard/crt0.o (exit)
D:/STM32 Download/CubeIDE/STM32CubeIDE_1.14.1/STM32CubeIDE/plugins/com.st.stm32cube.ide.mcu.externaltools.gnu-tools-for-stm32.13.3.rel1.win32_1.0.0.202411081344/tools/bin/../lib/gcc/arm-none-eabi/13.3.1/../../../../arm-none-eabi/lib/thumb/v7e-m+fp/hard\libc_nano.a(libc_a-findfp.o)
                              D:/STM32 Download/CubeIDE/STM32CubeIDE_1.14.1/STM32CubeIDE/plugins/com.st.stm32cube.ide.mcu.externaltools.gnu-tools-for-stm32.13.3.rel1.win32_1.0.0.202411081344/tools/bin/../lib/gcc/arm-none-eabi/13.3.1/../../../../arm-none-eabi/lib/thumb/v7e-m+fp/hard\libc_nano.a(libc_a-exit.o) (__stdio_exit_handler)
D:/STM32 Download/CubeIDE/STM32CubeIDE_1.14.1/STM32CubeIDE/plugins/com.st.stm32cube.ide.mcu.externaltools.gnu-tools-for-stm32.13.3.rel1.win32_1.0.0.202411081344/tools/bin/../lib/gcc/arm-none-eabi/13.3.1/../../../../arm-none-eabi/lib/thumb/v7e-m+fp/hard\libc_nano.a(libc_a-fwalk.o)
                              D:/STM32 Download/CubeIDE/STM32CubeIDE_1.14.1/STM32CubeIDE/plugins/com.st.stm32cube.ide.mcu.externaltools.gnu-tools-for-stm32.13.3.rel1.win32_1.0.0.202411081344/tools/bin/../lib/gcc/arm-none-eabi/13.3.1/../../../../arm-none-eabi/lib/thumb/v7e-m+fp/hard\libc_nano.a(libc_a-findfp.o) (_fwalk_sglue)
D:/STM32 Download/CubeIDE/STM32CubeIDE_1.14.1/STM32CubeIDE/plugins/com.st.stm32cube.ide.mcu.externaltools.gnu-tools-for-stm32.13.3.rel1.win32_1.0.0.202411081344/tools/bin/../lib/gcc/arm-none-eabi/13.3.1/../../../../arm-none-eabi/lib/thumb/v7e-m+fp/hard\libc_nano.a(libc_a-stdio.o)
                              D:/STM32 Download/CubeIDE/STM32CubeIDE_1.14.1/STM32CubeIDE/plugins/com.st.stm32cube.ide.mcu.externaltools.gnu-tools-for-stm32.13.3.rel1.win32_1.0.0.202411081344/tools/bin/../lib/gcc/arm-none-eabi/13.3.1/../../../../arm-none-eabi/lib/thumb/v7e-m+fp/hard\libc_nano.a(libc_a-findfp.o) (__sread)
D:/STM32 Download/CubeIDE/STM32CubeIDE_1.14.1/STM32CubeIDE/plugins/com.st.stm32cube.ide.mcu.externaltools.gnu-tools-for-stm32.13.3.rel1.win32_1.0.0.202411081344/tools/bin/../lib/gcc/arm-none-eabi/13.3.1/../../../../arm-none-eabi/lib/thumb/v7e-m+fp/hard\libc_nano.a(libc_a-memset.o)
                              D:/STM32 Download/CubeIDE/STM32CubeIDE_1.14.1/STM32CubeIDE/plugins/com.st.stm32cube.ide.mcu.externaltools.gnu-tools-for-stm32.13.3.rel1.win32_1.0.0.202411081344/tools/bin/../lib/gcc/arm-none-eabi/13.3.1/../../../../arm-none-eabi/lib/thumb/v7e-m+fp/hard/crt0.o (memset)
D:/STM32 Download/CubeIDE/STM32CubeIDE_1.14.1/STM32CubeIDE/plugins/com.st.stm32cube.ide.mcu.externaltools.gnu-tools-for-stm32.13.3.rel1.win32_1.0.0.202411081344/tools/bin/../lib/gcc/arm-none-eabi/13.3.1/../../../../arm-none-eabi/lib/thumb/v7e-m+fp/hard\libc_nano.a(libc_a-closer.o)
                              D:/STM32 Download/CubeIDE/STM32CubeIDE_1.14.1/STM32CubeIDE/plugins/com.st.stm32cube.ide.mcu.externaltools.gnu-tools-for-stm32.13.3.rel1.win32_1.0.0.202411081344/tools/bin/../lib/gcc/arm-none-eabi/13.3.1/../../../../arm-none-eabi/lib/thumb/v7e-m+fp/hard\libc_nano.a(libc_a-stdio.o) (_close_r)
D:/STM32 Download/CubeIDE/STM32CubeIDE_1.14.1/STM32CubeIDE/plugins/com.st.stm32cube.ide.mcu.externaltools.gnu-tools-for-stm32.13.3.rel1.win32_1.0.0.202411081344/tools/bin/../lib/gcc/arm-none-eabi/13.3.1/../../../../arm-none-eabi/lib/thumb/v7e-m+fp/hard\libc_nano.a(libc_a-reent.o)
                              D:/STM32 Download/CubeIDE/STM32CubeIDE_1.14.1/STM32CubeIDE/plugins/com.st.stm32cube.ide.mcu.externaltools.gnu-tools-for-stm32.13.3.rel1.win32_1.0.0.202411081344/tools/bin/../lib/gcc/arm-none-eabi/13.3.1/../../../../arm-none-eabi/lib/thumb/v7e-m+fp/hard\libc_nano.a(libc_a-closer.o) (errno)
D:/STM32 Download/CubeIDE/STM32CubeIDE_1.14.1/STM32CubeIDE/plugins/com.st.stm32cube.ide.mcu.externaltools.gnu-tools-for-stm32.13.3.rel1.win32_1.0.0.202411081344/tools/bin/../lib/gcc/arm-none-eabi/13.3.1/../../../../arm-none-eabi/lib/thumb/v7e-m+fp/hard\libc_nano.a(libc_a-impure.o)
                              D:/STM32 Download/CubeIDE/STM32CubeIDE_1.14.1/STM32CubeIDE/plugins/com.st.stm32cube.ide.mcu.externaltools.gnu-tools-for-stm32.13.3.rel1.win32_1.0.0.202411081344/tools/bin/../lib/gcc/arm-none-eabi/13.3.1/../../../../arm-none-eabi/lib/thumb/v7e-m+fp/hard\libc_nano.a(libc_a-reent.o) (_impure_ptr)
[...]
Memory Configuration

Name             Origin             Length             Attributes
CCMRAM           0x10000000         0x00010000         xrw
RAM              0x20000000         0x00020000         xrw
FLASH            0x08000000         0x00100000         xr
*default*        0x00000000         0xffffffff

Linker script and memory map

LOAD D:/STM32 Download/CubeIDE/STM32CubeIDE_1.14.1/STM32CubeIDE/plugins/com.st.stm32cube.ide.mcu.externaltools.gnu-tools-for-stm32.13.3.rel1.win32_1.0.0.202411081344/tools/bin/../lib/gcc/arm-none-eabi/13.3.1/thumb/v7e-m+fp/hard/crti.o
LOAD D:/STM32 Download/CubeIDE/STM32CubeIDE_1.14.1/STM32CubeIDE/plugins/com.st.stm32cube.ide.mcu.externaltools.gnu-tools-for-stm32.13.3.rel1.win32_1.0.0.202411081344/tools/bin/../lib/gcc/arm-none-eabi/13.3.1/thumb/v7e-m+fp/hard/crtbegin.o
LOAD D:/STM32 Download/CubeIDE/STM32CubeIDE_1.14.1/STM32CubeIDE/plugins/com.st.stm32cube.ide.mcu.externaltools.gnu-tools-for-stm32.13.3.rel1.win32_1.0.0.202411081344/tools/bin/../lib/gcc/arm-none-eabi/13.3.1/../../../../arm-none-eabi/lib/thumb/v7e-m+fp/hard/crt0.o
LOAD ./Core/Src/main.o
LOAD ./Core/Src/stm32f4xx_hal_msp.o
LOAD ./Core/Src/stm32f4xx_it.o
LOAD ./Core/Src/syscalls.o
LOAD ./Core/Src/sysmem.o
LOAD ./Core/Src/system_stm32f4xx.o
LOAD ./Core/Startup/startup_stm32f407vgtx.o
LOAD ./Drivers/STM32F4xx_HAL_Driver/Src/stm32f4xx_hal.o
LOAD ./Drivers/STM32F4xx_HAL_Driver/Src/stm32f4xx_hal_adc.o
LOAD ./Drivers/STM32F4xx_HAL_Driver/Src/stm32f4xx_hal_adc_ex.o
LOAD ./Drivers/STM32F4xx_HAL_Driver/Src/stm32f4xx_hal_can.o
LOAD ./Drivers/STM32F4xx_HAL_Driver/Src/stm32f4xx_hal_cortex.o
LOAD ./Drivers/STM32F4xx_HAL_Driver/Src/stm32f4xx_hal_dma.o
LOAD ./Drivers/STM32F4xx_HAL_Driver/Src/stm32f4xx_hal_dma_ex.o
LOAD ./Drivers/STM32F4xx_HAL_Driver/Src/stm32f4xx_hal_exti.o
LOAD ./Drivers/STM32F4xx_HAL_Driver/Src/stm32f4xx_hal_flash.o
LOAD ./Drivers/STM32F4xx_HAL_Driver/Src/stm32f4xx_hal_flash_ex.o
LOAD ./Drivers/STM32F4xx_HAL_Driver/Src/stm32f4xx_hal_flash_ramfunc.o
LOAD ./Drivers/STM32F4xx_HAL_Driver/Src/stm32f4xx_hal_gpio.o
LOAD ./Drivers/STM32F4xx_HAL_Driver/Src/stm32f4xx_hal_pwr.o
LOAD ./Drivers/STM32F4xx_HAL_Driver/Src/stm32f4xx_hal_pwr_ex.o
LOAD ./Drivers/STM32F4xx_HAL_Driver/Src/stm32f4xx_hal_rcc.o
LOAD ./Drivers/STM32F4xx_HAL_Driver/Src/stm32f4xx_hal_rcc_ex.o
LOAD ./Drivers/STM32F4xx_HAL_Driver/Src/stm32f4xx_hal_tim.o
LOAD ./Drivers/STM32F4xx_HAL_Driver/Src/stm32f4xx_hal_tim_ex.o
LOAD ./Drivers/STM32F4xx_HAL_Driver/Src/stm32f4xx_hal_uart.o
LOAD ./Drivers/STM32F4xx_HAL_Driver/Src/stm32f4xx_ll_adc.o
START GROUP
LOAD D:/STM32 Download/CubeIDE/STM32CubeIDE_1.14.1/STM32CubeIDE/plugins/com.st.stm32cube.ide.mcu.externaltools.gnu-tools-for-stm32.13.3.rel1.win32_1.0.0.202411081344/tools/bin/../lib/gcc/arm-none-eabi/13.3.1/../../../../arm-none-eabi/lib/thumb/v7e-m+fp/hard\libc_nano.a
LOAD D:/STM32 Download/CubeIDE/STM32CubeIDE_1.14.1/STM32CubeIDE/plugins/com.st.stm32cube.ide.mcu.externaltools.gnu-tools-for-stm32.13.3.rel1.win32_1.0.0.202411081344/tools/bin/../lib/gcc/arm-none-eabi/13.3.1/../../../../arm-none-eabi/lib/thumb/v7e-m+fp/hard\libm.a
END GROUP
START GROUP
LOAD D:/STM32 Download/CubeIDE/STM32CubeIDE_1.14.1/STM32CubeIDE/plugins/com.st.stm32cube.ide.mcu.externaltools.gnu-tools-for-stm32.13.3.rel1.win32_1.0.0.202411081344/tools/bin/../lib/gcc/arm-none-eabi/13.3.1/thumb/v7e-m+fp/hard\libgcc.a
LOAD D:/STM32 Download/CubeIDE/STM32CubeIDE_1.14.1/STM32CubeIDE/plugins/com.st.stm32cube.ide.mcu.externaltools.gnu-tools-for-stm32.13.3.rel1.win32_1.0.0.202411081344/tools/bin/../lib/gcc/arm-none-eabi/13.3.1/../../../../arm-none-eabi/lib/thumb/v7e-m+fp/hard\libc_nano.a
END GROUP
START GROUP
LOAD D:/STM32 Download/CubeIDE/STM32CubeIDE_1.14.1/STM32CubeIDE/plugins/com.st.stm32cube.ide.mcu.externaltools.gnu-tools-for-stm32.13.3.rel1.win32_1.0.0.202411081344/tools/bin/../lib/gcc/arm-none-eabi/13.3.1/thumb/v7e-m+fp/hard\libgcc.a
LOAD D:/STM32 Download/CubeIDE/STM32CubeIDE_1.14.1/STM32CubeIDE/plugins/com.st.stm32cube.ide.mcu.externaltools.gnu-tools-for-stm32.13.3.rel1.win32_1.0.0.202411081344/tools/bin/../lib/gcc/arm-none-eabi/13.3.1/../../../../arm-none-eabi/lib/thumb/v7e-m+fp/hard\libc_nano.a
LOAD D:/STM32 Download/CubeIDE/STM32CubeIDE_1.14.1/STM32CubeIDE/plugins/com.st.stm32cube.ide.mcu.externaltools.gnu-tools-for-stm32.13.3.rel1.win32_1.0.0.202411081344/tools/bin/../lib/gcc/arm-none-eabi/13.3.1/../../../../arm-none-eabi/lib/thumb/v7e-m+fp/hard\libnosys.a
END GROUP
START GROUP
LOAD D:/STM32 Download/CubeIDE/STM32CubeIDE_1.14.1/STM32CubeIDE/plugins/com.st.stm32cube.ide.mcu.externaltools.gnu-tools-for-stm32.13.3.rel1.win32_1.0.0.202411081344/tools/bin/../lib/gcc/arm-none-eabi/13.3.1/thumb/v7e-m+fp/hard\libgcc.a
LOAD D:/STM32 Download/CubeIDE/STM32CubeIDE_1.14.1/STM32CubeIDE/plugins/com.st.stm32cube.ide.mcu.externaltools.gnu-tools-for-stm32.13.3.rel1.win32_1.0.0.202411081344/tools/bin/../lib/gcc/arm-none-eabi/13.3.1/../../../../arm-none-eabi/lib/thumb/v7e-m+fp/hard\libc_nano.a
LOAD D:/STM32 Download/CubeIDE/STM32CubeIDE_1.14.1/STM32CubeIDE/plugins/com.st.stm32cube.ide.mcu.externaltools.gnu-tools-for-stm32.13.3.rel1.win32_1.0.0.202411081344/tools/bin/../lib/gcc/arm-none-eabi/13.3.1/../../../../arm-none-eabi/lib/thumb/v7e-m+fp/hard\libnosys.a
END GROUP
LOAD D:/STM32 Download/CubeIDE/STM32CubeIDE_1.14.1/STM32CubeIDE/plugins/com.st.stm32cube.ide.mcu.externaltools.gnu-tools-for-stm32.13.3.rel1.win32_1.0.0.202411081344/tools/bin/../lib/gcc/arm-none-eabi/13.3.1/thumb/v7e-m+fp/hard/crtend.o
LOAD D:/STM32 Download/CubeIDE/STM32CubeIDE_1.14.1/STM32CubeIDE/plugins/com.st.stm32cube.ide.mcu.externaltools.gnu-tools-for-stm32.13.3.rel1.win32_1.0.0.202411081344/tools/bin/../lib/gcc/arm-none-eabi/13.3.1/thumb/v7e-m+fp/hard/crtn.o
                0x20020000                        _estack = (ORIGIN (RAM) + LENGTH (RAM))
                0x00000200                        _Min_Heap_Size = 0x200
                0x00000400                        _Min_Stack_Size = 0x400

.isr_vector     0x08000000      0x188
                0x08000000                        . = ALIGN (0x4)
 *(.isr_vector)
 .isr_vector    0x08000000      0x188 ./Core/Startup/startup_stm32f407vgtx.o
                0x08000000                g_pfnVectors
                0x08000188                        . = ALIGN (0x4)

.text           0x08000188     0x5c7c
                0x08000188                        . = ALIGN (0x4)
 *(.text)
 .text          0x08000188       0x40 D:/STM32 Download/CubeIDE/STM32CubeIDE_1.14.1/STM32CubeIDE/plugins/com.st.stm32cube.ide.mcu.externaltools.gnu-tools-for-stm32.13.3.rel1.win32_1.0.0.202411081344/tools/bin/../lib/gcc/arm-none-eabi/13.3.1/thumb/v7e-m+fp/hard/crtbegin.o
 .text          0x080001c8      0x378 D:/STM32 Download/CubeIDE/STM32CubeIDE_1.14.1/STM32CubeIDE/plugins/com.st.stm32cube.ide.mcu.externaltools.gnu-tools-for-stm32.13.3.rel1.win32_1.0.0.202411081344/tools/bin/../lib/gcc/arm-none-eabi/13.3.1/thumb/v7e-m+fp/hard\libgcc.a(_arm_addsubdf3.o)
                0x080001c8                __aeabi_drsub
                0x080001d0                __aeabi_dsub
                0x080001d0                __subdf3
                0x080001d4                __aeabi_dadd
                0x080001d4                __adddf3
                0x0800044c                __floatunsidf
                0x0800044c                __aeabi_ui2d
                0x0800046c                __floatsidf
                0x0800046c                __aeabi_i2d
                0x08000490                __aeabi_f2d
                0x08000490                __extendsfdf2
                0x080004d4                __floatundidf
                0x080004d4                __aeabi_ul2d
                0x080004e4                __floatdidf
                0x080004e4                __aeabi_l2d
 .text          0x08000540      0x424 D:/STM32 Download/CubeIDE/STM32CubeIDE_1.14.1/STM32CubeIDE/plugins/com.st.stm32cube.ide.mcu.externaltools.gnu-tools-for-stm32.13.3.rel1.win32_1.0.0.202411081344/tools/bin/../lib/gcc/arm-none-eabi/13.3.1/thumb/v7e-m+fp/hard\libgcc.a(_arm_muldivdf3.o)
                0x08000540                __aeabi_dmul
                0x08000540                __muldf3
                0x08000794                __divdf3
                0x08000794                __aeabi_ddiv
 .text          0x08000964       0x40 D:/STM32 Download/CubeIDE/STM32CubeIDE_1.14.1/STM32CubeIDE/plugins/com.st.stm32cube.ide.mcu.externaltools.gnu-tools-for-stm32.13.3.rel1.win32_1.0.0.202411081344/tools/bin/../lib/gcc/arm-none-eabi/13.3.1/thumb/v7e-m+fp/hard\libgcc.a(_arm_fixunsdfsi.o)
                0x08000964                __aeabi_d2uiz
                0x08000964                __fixunsdfsi
 .text          0x080009a4       0x30 D:/STM32 Download/CubeIDE/STM32CubeIDE_1.14.1/STM32CubeIDE/plugins/com.st.stm32cube.ide.mcu.externaltools.gnu-tools-for-stm32.13.3.rel1.win32_1.0.0.202411081344/tools/bin/../lib/gcc/arm-none-eabi/13.3.1/thumb/v7e-m+fp/hard\libgcc.a(_aeabi_uldivmod.o)
                0x080009a4                __aeabi_uldivmod
 .text          0x080009d4      0x2f8 D:/STM32 Download/CubeIDE/STM32CubeIDE_1.14.1/STM32CubeIDE/plugins/com.st.stm32cube.ide.mcu.externaltools.gnu-tools-for-stm32.13.3.rel1.win32_1.0.0.202411081344/tools/bin/../lib/gcc/arm-none-eabi/13.3.1/thumb/v7e-m+fp/hard\libgcc.a(_udivmoddi4.o)
                0x080009d4                __udivmoddi4
 .text          0x08000ccc        0x4 D:/STM32 Download/CubeIDE/STM32CubeIDE_1.14.1/STM32CubeIDE/plugins/com.st.stm32cube.ide.mcu.externaltools.gnu-tools-for-stm32.13.3.rel1.win32_1.0.0.202411081344/tools/bin/../lib/gcc/arm-none-eabi/13.3.1/thumb/v7e-m+fp/hard\libgcc.a(_dvmd_tls.o)
                0x08000ccc                __aeabi_idiv0
                0x08000ccc                __aeabi_ldiv0
 *(.text*)
 .text.uart_Init
                0x08000cd0       0x58 ./Core/Src/main.o
                0x08000cd0                uart_Init
 .text.DS18B20_Start
                0x08000d28       0x5c ./Core/Src/main.o
                0x08000d28                DS18B20_Start
 .text.DS18B20_Write
                0x08000d84       0x64 ./Core/Src/main.o
                0x08000d84                DS18B20_Write
 .text.DS18B20_Read
                0x08000de8       0x94 ./Core/Src/main.o
                0x08000de8                DS18B20_Read
 .text.HAL_UART_RxCpltCallback
                0x08000e7c       0x20 ./Core/Src/main.o
                0x08000e7c                HAL_UART_RxCpltCallback
 *fill*         0x08000e9c        0x4 
 .text.main     0x08000ea0      0x2bc ./Core/Src/main.o
                0x08000ea0                main
 .text.SystemClock_Config
                0x0800115c       0xd0 ./Core/Src/main.o
                0x0800115c                SystemClock_Config
 .text.MX_ADC1_Init
                0x0800122c       0xa4 ./Core/Src/main.o
 .text.MX_CAN1_Init
                0x080012d0       0x6c ./Core/Src/main.o
 .text.MX_TIM3_Init
                0x0800133c       0x9c ./Core/Src/main.o
 .text.MX_USART2_UART_Init
                0x080013d8       0x54 ./Core/Src/main.o
 .text.MX_DMA_Init
                0x0800142c       0x50 ./Core/Src/main.o
 .text.MX_GPIO_Init
                0x0800147c      0x130 ./Core/Src/main.o
 .text.HAL_ADC_ConvCpltCallback
                0x080015ac       0x20 ./Core/Src/main.o
                0x080015ac                HAL_ADC_ConvCpltCallback
 .text.HAL_GPIO_EXTI_Callback
                0x080015cc       0x48 ./Core/Src/main.o
                0x080015cc                HAL_GPIO_EXTI_Callback
 .text.Error_Handler
                0x08001614        0xc ./Core/Src/main.o
                0x08001614                Error_Handler
 .text.HAL_MspInit
                0x08001620       0x50 ./Core/Src/stm32f4xx_hal_msp.o
                0x08001620                HAL_MspInit
 .text.HAL_ADC_MspInit
                0x08001670       0x98 ./Core/Src/stm32f4xx_hal_msp.o
                0x08001670                HAL_ADC_MspInit
 .text.HAL_CAN_MspInit
                0x08001708       0x90 ./Core/Src/stm32f4xx_hal_msp.o
                0x08001708                HAL_CAN_MspInit
 .text.HAL_TIM_Base_MspInit
                0x08001798       0x44 ./Core/Src/stm32f4xx_hal_msp.o
                0x08001798                HAL_TIM_Base_MspInit
 .text.HAL_UART_MspInit
                0x080017dc      0x168 ./Core/Src/stm32f4xx_hal_msp.o
                0x080017dc                HAL_UART_MspInit
 .text.NMI_Handler
                0x08001944        0x8 ./Core/Src/stm32f4xx_it.o
                0x08001944                NMI_Handler
 .text.HardFault_Handler
                0x0800194c        0x8 ./Core/Src/stm32f4xx_it.o
                0x0800194c                HardFault_Handler
 .text.MemManage_Handler
                0x08001954        0x8 ./Core/Src/stm32f4xx_it.o
                0x08001954                MemManage_Handler
 .text.BusFault_Handler
                0x0800195c        0x8 ./Core/Src/stm32f4xx_it.o
                0x0800195c                BusFault_Handler
 .text.UsageFault_Handler
                0x08001964        0x8 ./Core/Src/stm32f4xx_it.o
                0x08001964                UsageFault_Handler
 .text.SVC_Handler
                0x0800196c        0xe ./Core/Src/stm32f4xx_it.o
                0x0800196c                SVC_Handler
 .text.DebugMon_Handler
                0x0800197a        0xe ./Core/Src/stm32f4xx_it.o
                0x0800197a                DebugMon_Handler
 .text.PendSV_Handler
                0x08001988        0xe ./Core/Src/stm32f4xx_it.o
                0x08001988                PendSV_Handler
 .text.SysTick_Handler
                0x08001996        0xc ./Core/Src/stm32f4xx_it.o
                0x08001996                SysTick_Handler
 .text.EXTI0_IRQHandler
                0x080019a2        0xe ./Core/Src/stm32f4xx_it.o
                0x080019a2                EXTI0_IRQHandler
 .text.DMA1_Stream5_IRQHandler
                0x080019b0       0x14 ./Core/Src/stm32f4xx_it.o
                0x080019b0                DMA1_Stream5_IRQHandler
 .text.DMA1_Stream6_IRQHandler
                0x080019c4       0x14 ./Core/Src/stm32f4xx_it.o
                0x080019c4                DMA1_Stream6_IRQHandler
 .text.ADC_IRQHandler
                0x080019d8       0x14 ./Core/Src/stm32f4xx_it.o
                0x080019d8                ADC_IRQHandler
 .text.USART2_IRQHandler
                0x080019ec       0x14 ./Core/Src/stm32f4xx_it.o
                0x080019ec                USART2_IRQHandler
 .text.SystemInit
                0x08001a00       0x24 ./Core/Src/system_stm32f4xx.o
                0x08001a00                SystemInit
 .text.Reset_Handler
                0x08001a24       0x50 ./Core/Startup/startup_stm32f407vgtx.o
                0x08001a24                Reset_Handler
 .text.Default_Handler
                0x08001a74        0x2 ./Core/Startup/startup_stm32f407vgtx.o
                0x08001a74                RTC_Alarm_IRQHandler
                0x08001a74                HASH_RNG_IRQHandler
                0x08001a74                EXTI2_IRQHandler
                0x08001a74                TIM8_CC_IRQHandler
                0x08001a74                TIM1_CC_IRQHandler
                0x08001a74                DMA2_Stream5_IRQHandler
                0x08001a74                PVD_IRQHandler
                0x08001a74                SDIO_IRQHandler
                0x08001a74                TAMP_STAMP_IRQHandler
                0x08001a74                CAN2_RX1_IRQHandler
                0x08001a74                EXTI3_IRQHandler
                0x08001a74                TIM8_TRG_COM_TIM14_IRQHandler
                0x08001a74                TIM1_UP_TIM10_IRQHandler
                0x08001a74                TIM8_UP_TIM13_IRQHandler
                0x08001a74                I2C3_ER_IRQHandler
                0x08001a74                I2C2_EV_IRQHandler
                0x08001a74                DMA1_Stream2_IRQHandler
                0x08001a74                CAN1_RX0_IRQHandler
                0x08001a74                FPU_IRQHandler
                0x08001a74                OTG_HS_WKUP_IRQHandler
                0x08001a74                CAN2_SCE_IRQHandler
                0x08001a74                DMA2_Stream2_IRQHandler
                0x08001a74                SPI1_IRQHandler
                0x08001a74                TIM6_DAC_IRQHandler
                0x08001a74                TIM1_BRK_TIM9_IRQHandler
                0x08001a74                DCMI_IRQHandler
                0x08001a74                CAN2_RX0_IRQHandler
                0x08001a74                DMA2_Stream3_IRQHandler
                0x08001a74                USART6_IRQHandler
                0x08001a74                USART3_IRQHandler
                0x08001a74                CAN1_RX1_IRQHandler
                0x08001a74                UART5_IRQHandler
                0x08001a74                DMA2_Stream0_IRQHandler
                0x08001a74                TIM4_IRQHandler
                0x08001a74                I2C1_EV_IRQHandler
                0x08001a74                DMA1_Stream1_IRQHandler
                0x08001a74                UART4_IRQHandler
                0x08001a74                TIM3_IRQHandler
                0x08001a74                RCC_IRQHandler
                0x08001a74                TIM8_BRK_TIM12_IRQHandler
                0x08001a74                Default_Handler
                0x08001a74                EXTI15_10_IRQHandler
                0x08001a74                DMA1_Stream7_IRQHandler
                0x08001a74                TIM7_IRQHandler
                0x08001a74                CAN2_TX_IRQHandler
                0x08001a74                TIM5_IRQHandler
                0x08001a74                DMA2_Stream7_IRQHandler
                0x08001a74                I2C3_EV_IRQHandler
                0x08001a74                EXTI9_5_IRQHandler
                0x08001a74                RTC_WKUP_IRQHandler
                0x08001a74                ETH_WKUP_IRQHandler
                0x08001a74                SPI2_IRQHandler
                0x08001a74                OTG_HS_EP1_IN_IRQHandler
                0x08001a74                DMA1_Stream0_IRQHandler
                0x08001a74                CAN1_TX_IRQHandler
                0x08001a74                EXTI4_IRQHandler
                0x08001a74                FSMC_IRQHandler
                0x08001a74                ETH_IRQHandler
                0x08001a74                OTG_HS_EP1_OUT_IRQHandler
                0x08001a74                WWDG_IRQHandler
                0x08001a74                TIM2_IRQHandler
                0x08001a74                OTG_FS_WKUP_IRQHandler
                0x08001a74                TIM1_TRG_COM_TIM11_IRQHandler
                0x08001a74                OTG_HS_IRQHandler
                0x08001a74                EXTI1_IRQHandler
                0x08001a74                I2C2_ER_IRQHandler
                0x08001a74                DMA2_Stream1_IRQHandler
                0x08001a74                CAN1_SCE_IRQHandler
                0x08001a74                FLASH_IRQHandler
                0x08001a74                DMA2_Stream4_IRQHandler
                0x08001a74                USART1_IRQHandler
                0x08001a74                OTG_FS_IRQHandler
                0x08001a74                SPI3_IRQHandler
                0x08001a74                DMA1_Stream4_IRQHandler
                0x08001a74                I2C1_ER_IRQHandler
                0x08001a74                DMA2_Stream6_IRQHandler
                0x08001a74                DMA1_Stream3_IRQHandler
 *fill*         0x08001a76        0x2 
 .text.HAL_Init
                0x08001a78       0x44 ./Drivers/STM32F4xx_HAL_Driver/Src/stm32f4xx_hal.o
                0x08001a78                HAL_Init
 .text.HAL_InitTick
                0x08001abc       0x60 ./Drivers/STM32F4xx_HAL_Driver/Src/stm32f4xx_hal.o
                0x08001abc                HAL_InitTick
 .text.HAL_IncTick
                0x08001b1c       0x28 ./Drivers/STM32F4xx_HAL_Driver/Src/stm32f4xx_hal.o
                0x08001b1c                HAL_IncTick
 .text.HAL_GetTick
                0x08001b44       0x18 ./Drivers/STM32F4xx_HAL_Driver/Src/stm32f4xx_hal.o
                0x08001b44                HAL_GetTick
 .text.HAL_Delay
                0x08001b5c       0x48 ./Drivers/STM32F4xx_HAL_Driver/Src/stm32f4xx_hal.o
                0x08001b5c                HAL_Delay
 .text.HAL_ADC_Init
                0x08001ba4       0x86 ./Drivers/STM32F4xx_HAL_Driver/Src/stm32f4xx_hal_adc.o
                0x08001ba4                HAL_ADC_Init
 *fill*         0x08001c2a        0x2 
 .text.HAL_ADC_Start_IT
                0x08001c2c      0x1bc ./Drivers/STM32F4xx_HAL_Driver/Src/stm32f4xx_hal_adc.o
                0x08001c2c                HAL_ADC_Start_IT
 .text.HAL_ADC_Stop_IT
                0x08001de8       0x7a ./Drivers/STM32F4xx_HAL_Driver/Src/stm32f4xx_hal_adc.o
                0x08001de8                HAL_ADC_Stop_IT
 .text.HAL_ADC_IRQHandler
                0x08001e62      0x220 ./Drivers/STM32F4xx_HAL_Driver/Src/stm32f4xx_hal_adc.o
                0x08001e62                HAL_ADC_IRQHandler
 .text.HAL_ADC_GetValue
                0x08002082       0x1a ./Drivers/STM32F4xx_HAL_Driver/Src/stm32f4xx_hal_adc.o
                0x08002082                HAL_ADC_GetValue
 .text.HAL_ADC_LevelOutOfWindowCallback
                0x0800209c       0x14 ./Drivers/STM32F4xx_HAL_Driver/Src/stm32f4xx_hal_adc.o
                0x0800209c                HAL_ADC_LevelOutOfWindowCallback
 .text.HAL_ADC_ErrorCallback
                0x080020b0       0x14 ./Drivers/STM32F4xx_HAL_Driver/Src/stm32f4xx_hal_adc.o
                0x080020b0                HAL_ADC_ErrorCallback
 .text.HAL_ADC_ConfigChannel
                0x080020c4      0x244 ./Drivers/STM32F4xx_HAL_Driver/Src/stm32f4xx_hal_adc.o
                0x080020c4                HAL_ADC_ConfigChannel
 .text.ADC_Init
                0x08002308      0x1f8 ./Drivers/STM32F4xx_HAL_Driver/Src/stm32f4xx_hal_adc.o
 .text.HAL_ADCEx_InjectedConvCpltCallback
                0x08002500       0x14 ./Drivers/STM32F4xx_HAL_Driver/Src/stm32f4xx_hal_adc_ex.o
                0x08002500                HAL_ADCEx_InjectedConvCpltCallback
 .text.HAL_CAN_Init
                0x08002514      0x1f6 ./Drivers/STM32F4xx_HAL_Driver/Src/stm32f4xx_hal_can.o
                0x08002514                HAL_CAN_Init
 .text.HAL_CAN_Start
                0x0800270a       0x88 ./Drivers/STM32F4xx_HAL_Driver/Src/stm32f4xx_hal_can.o
                0x0800270a                HAL_CAN_Start
 .text.HAL_CAN_AddTxMessage
                0x08002792      0x1a0 ./Drivers/STM32F4xx_HAL_Driver/Src/stm32f4xx_hal_can.o
                0x08002792                HAL_CAN_AddTxMessage
 *fill*         0x08002932        0x2 
 .text.__NVIC_SetPriorityGrouping
                0x08002934       0x48 ./Drivers/STM32F4xx_HAL_Driver/Src/stm32f4xx_hal_cortex.o
 .text.__NVIC_GetPriorityGrouping
                0x0800297c       0x1c ./Drivers/STM32F4xx_HAL_Driver/Src/stm32f4xx_hal_cortex.o
 .text.__NVIC_EnableIRQ
                0x08002998       0x3c ./Drivers/STM32F4xx_HAL_Driver/Src/stm32f4xx_hal_cortex.o
 .text.__NVIC_SetPriority
                0x080029d4       0x54 ./Drivers/STM32F4xx_HAL_Driver/Src/stm32f4xx_hal_cortex.o
 .text.NVIC_EncodePriority
                0x08002a28       0x66 ./Drivers/STM32F4xx_HAL_Driver/Src/stm32f4xx_hal_cortex.o
 *fill*         0x08002a8e        0x2 
 .text.SysTick_Config
                0x08002a90       0x44 ./Drivers/STM32F4xx_HAL_Driver/Src/stm32f4xx_hal_cortex.o
 .text.HAL_NVIC_SetPriorityGrouping
                0x08002ad4       0x16 ./Drivers/STM32F4xx_HAL_Driver/Src/stm32f4xx_hal_cortex.o
                0x08002ad4                HAL_NVIC_SetPriorityGrouping
 .text.HAL_NVIC_SetPriority
                0x08002aea       0x38 ./Drivers/STM32F4xx_HAL_Driver/Src/stm32f4xx_hal_cortex.o
                0x08002aea                HAL_NVIC_SetPriority
 .text.HAL_NVIC_EnableIRQ
                0x08002b22       0x1c ./Drivers/STM32F4xx_HAL_Driver/Src/stm32f4xx_hal_cortex.o
                0x08002b22                HAL_NVIC_EnableIRQ
 .text.HAL_SYSTICK_Config
                0x08002b3e       0x18 ./Drivers/STM32F4xx_HAL_Driver/Src/stm32f4xx_hal_cortex.o
                0x08002b3e                HAL_SYSTICK_Config
 *fill*         0x08002b56        0x2 
 .text.HAL_DMA_Init
                0x08002b58      0x15c ./Drivers/STM32F4xx_HAL_Driver/Src/stm32f4xx_hal_dma.o
                0x08002b58                HAL_DMA_Init
 .text.HAL_DMA_Start_IT
                0x08002cb4       0xb0 ./Drivers/STM32F4xx_HAL_Driver/Src/stm32f4xx_hal_dma.o
                0x08002cb4                HAL_DMA_Start_IT
 .text.HAL_DMA_Abort
                0x08002d64       0xe0 ./Drivers/STM32F4xx_HAL_Driver/Src/stm32f4xx_hal_dma.o
                0x08002d64                HAL_DMA_Abort
 .text.HAL_DMA_Abort_IT
                0x08002e44       0x44 ./Drivers/STM32F4xx_HAL_Driver/Src/stm32f4xx_hal_dma.o
                0x08002e44                HAL_DMA_Abort_IT
 .text.HAL_DMA_IRQHandler
                0x08002e88      0x314 ./Drivers/STM32F4xx_HAL_Driver/Src/stm32f4xx_hal_dma.o
                0x08002e88                HAL_DMA_IRQHandler
 .text.DMA_SetConfig
                0x0800319c       0x5c ./Drivers/STM32F4xx_HAL_Driver/Src/stm32f4xx_hal_dma.o
 .text.DMA_CalcBaseAndBitshift
                0x080031f8       0x6c ./Drivers/STM32F4xx_HAL_Driver/Src/stm32f4xx_hal_dma.o
 .text.DMA_CheckFifoParam
                0x08003264       0xf8 ./Drivers/STM32F4xx_HAL_Driver/Src/stm32f4xx_hal_dma.o
 .text.HAL_GPIO_Init
                0x0800335c      0x338 ./Drivers/STM32F4xx_HAL_Driver/Src/stm32f4xx_hal_gpio.o
                0x0800335c                HAL_GPIO_Init
 .text.HAL_GPIO_ReadPin
                0x08003694       0x30 ./Drivers/STM32F4xx_HAL_Driver/Src/stm32f4xx_hal_gpio.o
                0x08003694                HAL_GPIO_ReadPin
 .text.HAL_GPIO_WritePin
                0x080036c4       0x32 ./Drivers/STM32F4xx_HAL_Driver/Src/stm32f4xx_hal_gpio.o
                0x080036c4                HAL_GPIO_WritePin
 *fill*         0x080036f6        0x2 
 .text.HAL_GPIO_EXTI_IRQHandler
                0x080036f8       0x30 ./Drivers/STM32F4xx_HAL_Driver/Src/stm32f4xx_hal_gpio.o
                0x080036f8                HAL_GPIO_EXTI_IRQHandler
 .text.HAL_RCC_OscConfig
                0x08003728      0x4f0 ./Drivers/STM32F4xx_HAL_Driver/Src/stm32f4xx_hal_rcc.o
                0x08003728                HAL_RCC_OscConfig
 .text.HAL_RCC_ClockConfig
                0x08003c18      0x1cc ./Drivers/STM32F4xx_HAL_Driver/Src/stm32f4xx_hal_rcc.o
                0x08003c18                HAL_RCC_ClockConfig
 .text.HAL_RCC_GetSysClockFreq
                0x08003de4      0x20c ./Drivers/STM32F4xx_HAL_Driver/Src/stm32f4xx_hal_rcc.o
                0x08003de4                HAL_RCC_GetSysClockFreq
 .text.HAL_RCC_GetHCLKFreq
                0x08003ff0       0x18 ./Drivers/STM32F4xx_HAL_Driver/Src/stm32f4xx_hal_rcc.o
                0x08003ff0                HAL_RCC_GetHCLKFreq
 .text.HAL_RCC_GetPCLK1Freq
                0x08004008       0x28 ./Drivers/STM32F4xx_HAL_Driver/Src/stm32f4xx_hal_rcc.o
                0x08004008                HAL_RCC_GetPCLK1Freq
 .text.HAL_RCC_GetPCLK2Freq
                0x08004030       0x28 ./Drivers/STM32F4xx_HAL_Driver/Src/stm32f4xx_hal_rcc.o
                0x08004030                HAL_RCC_GetPCLK2Freq
 .text.HAL_TIM_Base_Init
                0x08004058       0x9e ./Drivers/STM32F4xx_HAL_Driver/Src/stm32f4xx_hal_tim.o
                0x08004058                HAL_TIM_Base_Init
 *fill*         0x080040f6        0x2 
 .text.HAL_TIM_Base_Start
                0x080040f8       0xd0 ./Drivers/STM32F4xx_HAL_Driver/Src/stm32f4xx_hal_tim.o
                0x080040f8                HAL_TIM_Base_Start
 .text.HAL_TIM_ConfigClockSource
                0x080041c8      0x18e ./Drivers/STM32F4xx_HAL_Driver/Src/stm32f4xx_hal_tim.o
                0x080041c8                HAL_TIM_ConfigClockSource
 *fill*         0x08004356        0x2 
 .text.TIM_Base_SetConfig
                0x08004358      0x158 ./Drivers/STM32F4xx_HAL_Driver/Src/stm32f4xx_hal_tim.o
                0x08004358                TIM_Base_SetConfig
 .text.TIM_TI1_ConfigInputStage
                0x080044b0       0x5e ./Drivers/STM32F4xx_HAL_Driver/Src/stm32f4xx_hal_tim.o
 .text.TIM_TI2_ConfigInputStage
                0x0800450e       0x60 ./Drivers/STM32F4xx_HAL_Driver/Src/stm32f4xx_hal_tim.o
 .text.TIM_ITRx_SetConfig
                0x0800456e       0x36 ./Drivers/STM32F4xx_HAL_Driver/Src/stm32f4xx_hal_tim.o
 .text.TIM_ETR_SetConfig
                0x080045a4       0x40 ./Drivers/STM32F4xx_HAL_Driver/Src/stm32f4xx_hal_tim.o
                0x080045a4                TIM_ETR_SetConfig
 .text.HAL_TIMEx_MasterConfigSynchronization
                0x080045e4       0xf8 ./Drivers/STM32F4xx_HAL_Driver/Src/stm32f4xx_hal_tim_ex.o
                0x080045e4                HAL_TIMEx_MasterConfigSynchronization
 .text.HAL_HalfDuplex_Init
                0x080046dc       0xb0 ./Drivers/STM32F4xx_HAL_Driver/Src/stm32f4xx_hal_uart.o
                0x080046dc                HAL_HalfDuplex_Init
 .text.HAL_UART_Transmit
                0x0800478c      0x116 ./Drivers/STM32F4xx_HAL_Driver/Src/stm32f4xx_hal_uart.o
                0x0800478c                HAL_UART_Transmit
 .text.HAL_UART_Receive
                0x080048a2      0x12e ./Drivers/STM32F4xx_HAL_Driver/Src/stm32f4xx_hal_uart.o
                0x080048a2                HAL_UART_Receive
 .text.HAL_UART_Transmit_DMA
                0x080049d0       0xe0 ./Drivers/STM32F4xx_HAL_Driver/Src/stm32f4xx_hal_uart.o
                0x080049d0                HAL_UART_Transmit_DMA
 .text.HAL_UART_Receive_DMA
                0x08004ab0       0x4a ./Drivers/STM32F4xx_HAL_Driver/Src/stm32f4xx_hal_uart.o
                0x08004ab0                HAL_UART_Receive_DMA
 *fill*         0x08004afa        0x2 
 .text.HAL_UART_IRQHandler
                0x08004afc      0x524 ./Drivers/STM32F4xx_HAL_Driver/Src/stm32f4xx_hal_uart.o
                0x08004afc                HAL_UART_IRQHandler
 .text.HAL_UART_TxCpltCallback
                0x08005020       0x14 ./Drivers/STM32F4xx_HAL_Driver/Src/stm32f4xx_hal_uart.o
                0x08005020                HAL_UART_TxCpltCallback
 .text.HAL_UART_TxHalfCpltCallback
                0x08005034       0x14 ./Drivers/STM32F4xx_HAL_Driver/Src/stm32f4xx_hal_uart.o
                0x08005034                HAL_UART_TxHalfCpltCallback
 .text.HAL_UART_RxHalfCpltCallback
                0x08005048       0x14 ./Drivers/STM32F4xx_HAL_Driver/Src/stm32f4xx_hal_uart.o
                0x08005048                HAL_UART_RxHalfCpltCallback
 .text.HAL_UART_ErrorCallback
                0x0800505c       0x14 ./Drivers/STM32F4xx_HAL_Driver/Src/stm32f4xx_hal_uart.o
                0x0800505c                HAL_UART_ErrorCallback
 .text.HAL_UARTEx_RxEventCallback
                0x08005070       0x18 ./Drivers/STM32F4xx_HAL_Driver/Src/stm32f4xx_hal_uart.o
                0x08005070                HAL_UARTEx_RxEventCallback
 .text.UART_DMATransmitCplt
                0x08005088       0x9a ./Drivers/STM32F4xx_HAL_Driver/Src/stm32f4xx_hal_uart.o
 .text.UART_DMATxHalfCplt
                0x08005122       0x1c ./Drivers/STM32F4xx_HAL_Driver/Src/stm32f4xx_hal_uart.o
 .text.UART_DMAReceiveCplt
                0x0800513e      0x12c ./Drivers/STM32F4xx_HAL_Driver/Src/stm32f4xx_hal_uart.o
 .text.UART_DMARxHalfCplt
                0x0800526a       0x3c ./Drivers/STM32F4xx_HAL_Driver/Src/stm32f4xx_hal_uart.o
 .text.UART_DMAError
                0x080052a6       0x94 ./Drivers/STM32F4xx_HAL_Driver/Src/stm32f4xx_hal_uart.o
 .text.UART_WaitOnFlagUntilTimeout
                0x0800533a       0xb2 ./Drivers/STM32F4xx_HAL_Driver/Src/stm32f4xx_hal_uart.o
 .text.UART_Start_Receive_DMA
                0x080053ec      0x134 ./Drivers/STM32F4xx_HAL_Driver/Src/stm32f4xx_hal_uart.o
                0x080053ec                UART_Start_Receive_DMA
 .text.UART_EndTxTransfer
                0x08005520       0x50 ./Drivers/STM32F4xx_HAL_Driver/Src/stm32f4xx_hal_uart.o
 .text.UART_EndRxTransfer
                0x08005570       0xc6 ./Drivers/STM32F4xx_HAL_Driver/Src/stm32f4xx_hal_uart.o
 .text.UART_DMAAbortOnError
                0x08005636       0x28 ./Drivers/STM32F4xx_HAL_Driver/Src/stm32f4xx_hal_uart.o
 .text.UART_Transmit_IT
                0x0800565e       0xa0 ./Drivers/STM32F4xx_HAL_Driver/Src/stm32f4xx_hal_uart.o
 .text.UART_EndTransmit_IT
                0x080056fe       0x30 ./Drivers/STM32F4xx_HAL_Driver/Src/stm32f4xx_hal_uart.o
 .text.UART_Receive_IT
                0x0800572e      0x17c ./Drivers/STM32F4xx_HAL_Driver/Src/stm32f4xx_hal_uart.o
 *fill*         0x080058aa        0x2 
 .text.UART_SetConfig
                0x080058ac      0x4e8 ./Drivers/STM32F4xx_HAL_Driver/Src/stm32f4xx_hal_uart.o
 .text.memset   0x08005d94       0x10 D:/STM32 Download/CubeIDE/STM32CubeIDE_1.14.1/STM32CubeIDE/plugins/com.st.stm32cube.ide.mcu.externaltools.gnu-tools-for-stm32.13.3.rel1.win32_1.0.0.202411081344/tools/bin/../lib/gcc/arm-none-eabi/13.3.1/../../../../arm-none-eabi/lib/thumb/v7e-m+fp/hard\libc_nano.a(libc_a-memset.o)
                0x08005d94                memset
 .text.__libc_init_array
                0x08005da4       0x48 D:/STM32 Download/CubeIDE/STM32CubeIDE_1.14.1/STM32CubeIDE/plugins/com.st.stm32cube.ide.mcu.externaltools.gnu-tools-for-stm32.13.3.rel1.win32_1.0.0.202411081344/tools/bin/../lib/gcc/arm-none-eabi/13.3.1/../../../../arm-none-eabi/lib/thumb/v7e-m+fp/hard\libc_nano.a(libc_a-init.o)
                0x08005da4                __libc_init_array
 *(.glue_7)
 .glue_7        0x08005dec        0x0 linker stubs
 *(.glue_7t)
 .glue_7t       0x08005dec        0x0 linker stubs
 *(.eh_frame)
 .eh_frame      0x08005dec        0x0 D:/STM32 Download/CubeIDE/STM32CubeIDE_1.14.1/STM32CubeIDE/plugins/com.st.stm32cube.ide.mcu.externaltools.gnu-tools-for-stm32.13.3.rel1.win32_1.0.0.202411081344/tools/bin/../lib/gcc/arm-none-eabi/13.3.1/thumb/v7e-m+fp/hard/crtbegin.o
 *(.init)
 .init          0x08005dec        0x4 D:/STM32 Download/CubeIDE/STM32CubeIDE_1.14.1/STM32CubeIDE/plugins/com.st.stm32cube.ide.mcu.externaltools.gnu-tools-for-stm32.13.3.rel1.win32_1.0.0.202411081344/tools/bin/../lib/gcc/arm-none-eabi/13.3.1/thumb/v7e-m+fp/hard/crti.o
                0x08005dec                _init
 .init          0x08005df0        0x8 D:/STM32 Download/CubeIDE/STM32CubeIDE_1.14.1/STM32CubeIDE/plugins/com.st.stm32cube.ide.mcu.externaltools.gnu-tools-for-stm32.13.3.rel1.win32_1.0.0.202411081344/tools/bin/../lib/gcc/arm-none-eabi/13.3.1/thumb/v7e-m+fp/hard/crtn.o
 *(.fini)
 .fini          0x08005df8        0x4 D:/STM32 Download/CubeIDE/STM32CubeIDE_1.14.1/STM32CubeIDE/plugins/com.st.stm32cube.ide.mcu.externaltools.gnu-tools-for-stm32.13.3.rel1.win32_1.0.0.202411081344/tools/bin/../lib/gcc/arm-none-eabi/13.3.1/thumb/v7e-m+fp/hard/crti.o
                0x08005df8                _fini
 .fini          0x08005dfc        0x8 D:/STM32 Download/CubeIDE/STM32CubeIDE_1.14.1/STM32CubeIDE/plugins/com.st.stm32cube.ide.mcu.externaltools.gnu-tools-for-stm32.13.3.rel1.win32_1.0.0.202411081344/tools/bin/../lib/gcc/arm-none-eabi/13.3.1/thumb/v7e-m+fp/hard/crtn.o
                0x08005e04                        . = ALIGN (0x4)
                0x08005e04                        _etext = .

.vfp11_veneer   0x08005e04        0x0
 .vfp11_veneer  0x08005e04        0x0 linker stubs

.v4_bx          0x08005e04        0x0
 .v4_bx         0x08005e04        0x0 linker stubs

.iplt           0x08005e04        0x0
 .iplt          0x08005e04        0x0 D:/STM32 Download/CubeIDE/STM32CubeIDE_1.14.1/STM32CubeIDE/plugins/com.st.stm32cube.ide.mcu.externaltools.gnu-tools-for-stm32.13.3.rel1.win32_1.0.0.202411081344/tools/bin/../lib/gcc/arm-none-eabi/13.3.1/thumb/v7e-m+fp/hard/crtbegin.o

.rodata         0x08005e04       0x20
                0x08005e04                        . = ALIGN (0x4)
 *(.rodata)
 *(.rodata*)
 .rodata.AHBPrescTable
                0x08005e04       0x10 ./Core/Src/system_stm32f4xx.o
                0x08005e04                AHBPrescTable
 .rodata.APBPrescTable
                0x08005e14        0x8 ./Core/Src/system_stm32f4xx.o
                0x08005e14                APBPrescTable
 .rodata.flagBitshiftOffset.0
                0x08005e1c        0x8 ./Drivers/STM32F4xx_HAL_Driver/Src/stm32f4xx_hal_dma.o
                0x08005e24                        . = ALIGN (0x4)

.ARM.extab      0x08005e24        0x0
                0x08005e24                        . = ALIGN (0x4)
 *(.ARM.extab* .gnu.linkonce.armextab.*)
                0x08005e24                        . = ALIGN (0x4)

.ARM            0x08005e24        0x8
                0x08005e24                        . = ALIGN (0x4)
                0x08005e24                        __exidx_start = .
 *(.ARM.exidx*)
 .ARM.exidx     0x08005e24        0x8 D:/STM32 Download/CubeIDE/STM32CubeIDE_1.14.1/STM32CubeIDE/plugins/com.st.stm32cube.ide.mcu.externaltools.gnu-tools-for-stm32.13.3.rel1.win32_1.0.0.202411081344/tools/bin/../lib/gcc/arm-none-eabi/13.3.1/thumb/v7e-m+fp/hard\libgcc.a(_udivmoddi4.o)
                0x08005e2c                        __exidx_end = .
                0x08005e2c                        . = ALIGN (0x4)

.rel.dyn        0x08005e2c        0x0
 .rel.iplt      0x08005e2c        0x0 D:/STM32 Download/CubeIDE/STM32CubeIDE_1.14.1/STM32CubeIDE/plugins/com.st.stm32cube.ide.mcu.externaltools.gnu-tools-for-stm32.13.3.rel1.win32_1.0.0.202411081344/tools/bin/../lib/gcc/arm-none-eabi/13.3.1/thumb/v7e-m+fp/hard/crtbegin.o

.preinit_array  0x08005e2c        0x0
                0x08005e2c                        . = ALIGN (0x4)
                0x08005e2c                        PROVIDE (__preinit_array_start = .)
 *(.preinit_array*)
                0x08005e2c                        PROVIDE (__preinit_array_end = .)
                0x08005e2c                        . = ALIGN (0x4)

.init_array     0x08005e2c        0x4
                0x08005e2c                        . = ALIGN (0x4)
                0x08005e2c                        PROVIDE (__init_array_start = .)
 *(SORT_BY_NAME(.init_array.*))
 *(.init_array*)
 .init_array    0x08005e2c        0x4 D:/STM32 Download/CubeIDE/STM32CubeIDE_1.14.1/STM32CubeIDE/plugins/com.st.stm32cube.ide.mcu.externaltools.gnu-tools-for-stm32.13.3.rel1.win32_1.0.0.202411081344/tools/bin/../lib/gcc/arm-none-eabi/13.3.1/thumb/v7e-m+fp/hard/crtbegin.o
                0x08005e30                        PROVIDE (__init_array_end = .)
                0x08005e30                        . = ALIGN (0x4)

.fini_array     0x08005e30        0x4
                0x08005e30                        . = ALIGN (0x4)
                [!provide]                        PROVIDE (__fini_array_start = .)
 *(SORT_BY_NAME(.fini_array.*))
 *(.fini_array*)
 .fini_array    0x08005e30        0x4 D:/STM32 Download/CubeIDE/STM32CubeIDE_1.14.1/STM32CubeIDE/plugins/com.st.stm32cube.ide.mcu.externaltools.gnu-tools-for-stm32.13.3.rel1.win32_1.0.0.202411081344/tools/bin/../lib/gcc/arm-none-eabi/13.3.1/thumb/v7e-m+fp/hard/crtbegin.o
                [!provide]                        PROVIDE (__fini_array_end = .)
                0x08005e34                        . = ALIGN (0x4)
                0x08005e34                        _sidata = LOADADDR (.data)

.data           0x20000000        0xc load address 0x08005e34
                0x20000000                        . = ALIGN (0x4)
                0x20000000                        _sdata = .
 *(.data)
 *(.data*)
 .data.SystemCoreClock
                0x20000000        0x4 ./Core/Src/system_stm32f4xx.o
                0x20000000                SystemCoreClock
 .data.uwTickPrio
                0x20000004        0x4 ./Drivers/STM32F4xx_HAL_Driver/Src/stm32f4xx_hal.o
                0x20000004                uwTickPrio
 .data.uwTickFreq
                0x20000008        0x1 ./Drivers/STM32F4xx_HAL_Driver/Src/stm32f4xx_hal.o
                0x20000008                uwTickFreq
 *(.RamFunc)
 *(.RamFunc*)
                0x2000000c                        . = ALIGN (0x4)
 *fill*         0x20000009        0x3 
                0x2000000c                        _edata = .
                0x08005e40                        _siccmram = LOADADDR (.ccmram)

.igot.plt       0x2000000c        0x0 load address 0x08005e40
 .igot.plt      0x2000000c        0x0 D:/STM32 Download/CubeIDE/STM32CubeIDE_1.14.1/STM32CubeIDE/plugins/com.st.stm32cube.ide.mcu.externaltools.gnu-tools-for-stm32.13.3.rel1.win32_1.0.0.202411081344/tools/bin/../lib/gcc/arm-none-eabi/13.3.1/thumb/v7e-m+fp/hard/crtbegin.o

.ccmram         0x10000000        0x0 load address 0x08005e40
                0x10000000                        . = ALIGN (0x4)
                0x10000000                        _sccmram = .
 *(.ccmram)
 *(.ccmram*)
                0x10000000                        . = ALIGN (0x4)
                0x10000000                        _eccmram = .
                0x10000000                        . = ALIGN (0x4)

.bss            0x2000000c      0x230
                0x2000000c                        _sbss = .
                0x2000000c                        __bss_start__ = _sbss
 *(.bss)
 .bss           0x2000000c       0x1c D:/STM32 Download/CubeIDE/STM32CubeIDE_1.14.1/STM32CubeIDE/plugins/com.st.stm32cube.ide.mcu.externaltools.gnu-tools-for-stm32.13.3.rel1.win32_1.0.0.202411081344/tools/bin/../lib/gcc/arm-none-eabi/13.3.1/thumb/v7e-m+fp/hard/crtbegin.o
 *(.bss*)
 .bss.hadc1     0x20000028       0x48 ./Core/Src/main.o
                0x20000028                hadc1
 .bss.hcan1     0x20000070       0x28 ./Core/Src/main.o
                0x20000070                hcan1
 .bss.htim3     0x20000098       0x48 ./Core/Src/main.o
                0x20000098                htim3
 .bss.huart2    0x200000e0       0x48 ./Core/Src/main.o
                0x200000e0                huart2
 .bss.hdma_usart2_rx
                0x20000128       0x60 ./Core/Src/main.o
                0x20000128                hdma_usart2_rx
 .bss.hdma_usart2_tx
                0x20000188       0x60 ./Core/Src/main.o
                0x20000188                hdma_usart2_tx
 .bss.pMillis   0x200001e8        0x4 ./Core/Src/main.o
                0x200001e8                pMillis
 .bss.Value1    0x200001ec        0x4 ./Core/Src/main.o
                0x200001ec                Value1
 .bss.Value2    0x200001f0        0x4 ./Core/Src/main.o
                0x200001f0                Value2
 .bss.Distance  0x200001f4        0x2 ./Core/Src/main.o
                0x200001f4                Distance
 *fill*         0x200001f6        0x2 
 .bss.pTxHeader
                0x200001f8       0x18 ./Core/Src/main.o
                0x200001f8                pTxHeader
 .bss.aTxData   0x20000210        0x8 ./Core/Src/main.o
                0x20000210                aTxData
 .bss.value     0x20000218        0x4 ./Core/Src/main.o
                0x20000218                value
 .bss.adc_valid
                0x2000021c        0x1 ./Core/Src/main.o
                0x2000021c                adc_valid
 .bss.modeselection
                0x2000021d        0x1 ./Core/Src/main.o
                0x2000021d                modeselection
 *fill*         0x2000021e        0x2 
 .bss.presence  0x20000220        0x4 ./Core/Src/main.o
                0x20000220                presence
 .bss.isRxed    0x20000224        0x4 ./Core/Src/main.o
                0x20000224                isRxed
 .bss.RxData    0x20000228        0x8 ./Core/Src/main.o
                0x20000228                RxData
 .bss.Temp_LSB  0x20000230        0x1 ./Core/Src/main.o
                0x20000230                Temp_LSB
 .bss.Temp_MSB  0x20000231        0x1 ./Core/Src/main.o
                0x20000231                Temp_MSB
 .bss.Temp      0x20000232        0x2 ./Core/Src/main.o
                0x20000232                Temp
 .bss.Temperature
                0x20000234        0x4 ./Core/Src/main.o
                0x20000234                Temperature
 .bss.uwTick    0x20000238        0x4 ./Drivers/STM32F4xx_HAL_Driver/Src/stm32f4xx_hal.o
                0x20000238                uwTick
 *(COMMON)
                0x2000023c                        . = ALIGN (0x4)
                0x2000023c                        _ebss = .
                0x2000023c                        __bss_end__ = _ebss

._user_heap_stack
                0x2000023c      0x604
                0x20000240                        . = ALIGN (0x8)
 *fill*         0x2000023c        0x4 
                [!provide]                        PROVIDE (end = .)
                0x20000240                        PROVIDE (_end = .)
                0x20000440                        . = (. + _Min_Heap_Size)
 *fill*         0x20000240      0x200 
                0x20000840                        . = (. + _Min_Stack_Size)
 *fill*         0x20000440      0x400 
                0x20000840                        . = ALIGN (0x8)

/DISCARD/
 libc.a(*)
 libm.a(*)
 libgcc.a(*)

.ARM.attributes
                0x00000000       0x30
 *(.ARM.attributes)
 .ARM.attributes
                0x00000000       0x22 D:/STM32 Download/CubeIDE/STM32CubeIDE_1.14.1/STM32CubeIDE/plugins/com.st.stm32cube.ide.mcu.externaltools.gnu-tools-for-stm32.13.3.rel1.win32_1.0.0.202411081344/tools/bin/../lib/gcc/arm-none-eabi/13.3.1/thumb/v7e-m+fp/hard/crti.o
 .ARM.attributes
                0x00000022       0x34 D:/STM32 Download/CubeIDE/STM32CubeIDE_1.14.1/STM32CubeIDE/plugins/com.st.stm32cube.ide.mcu.externaltools.gnu-tools-for-stm32.13.3.rel1.win32_1.0.0.202411081344/tools/bin/../lib/gcc/arm-none-eabi/13.3.1/thumb/v7e-m+fp/hard/crtbegin.o
 .ARM.attributes
                0x00000056       0x34 ./Core/Src/main.o
 .ARM.attributes
                0x0000008a       0x34 ./Core/Src/stm32f4xx_hal_msp.o
 .ARM.attributes
                0x000000be       0x34 ./Core/Src/stm32f4xx_it.o
 .ARM.attributes
                0x000000f2       0x34 ./Core/Src/system_stm32f4xx.o
 .ARM.attributes
                0x00000126       0x21 ./Core/Startup/startup_stm32f407vgtx.o
 .ARM.attributes
                0x00000147       0x34 ./Drivers/STM32F4xx_HAL_Driver/Src/stm32f4xx_hal.o
 .ARM.attributes
                0x0000017b       0x34 ./Drivers/STM32F4xx_HAL_Driver/Src/stm32f4xx_hal_adc.o
 .ARM.attributes
                0x000001af       0x34 ./Drivers/STM32F4xx_HAL_Driver/Src/stm32f4xx_hal_adc_ex.o
 .ARM.attributes
                0x000001e3       0x34 ./Drivers/STM32F4xx_HAL_Driver/Src/stm32f4xx_hal_can.o
 .ARM.attributes
                0x00000217       0x34 ./Drivers/STM32F4xx_HAL_Driver/Src/stm32f4xx_hal_cortex.o
 .ARM.attributes
                0x0000024b       0x34 ./Drivers/STM32F4xx_HAL_Driver/Src/stm32f4xx_hal_dma.o
 .ARM.attributes
                0x0000027f       0x34 ./Drivers/STM32F4xx_HAL_Driver/Src/stm32f4xx_hal_gpio.o
 .ARM.attributes
                0x000002b3       0x34 ./Drivers/STM32F4xx_HAL_Driver/Src/stm32f4xx_hal_rcc.o
 .ARM.attributes
                0x000002e7       0x34 ./Drivers/STM32F4xx_HAL_Driver/Src/stm32f4xx_hal_tim.o
 .ARM.attributes
                0x0000031b       0x34 ./Drivers/STM32F4xx_HAL_Driver/Src/stm32f4xx_hal_tim_ex.o
 .ARM.attributes
                0x0000034f       0x34 ./Drivers/STM32F4xx_HAL_Driver/Src/stm32f4xx_hal_uart.o
 .ARM.attributes
                0x00000383       0x34 D:/STM32 Download/CubeIDE/STM32CubeIDE_1.14.1/STM32CubeIDE/plugins/com.st.stm32cube.ide.mcu.externaltools.gnu-tools-for-stm32.13.3.rel1.win32_1.0.0.202411081344/tools/bin/../lib/gcc/arm-none-eabi/13.3.1/../../../../arm-none-eabi/lib/thumb/v7e-m+fp/hard\libc_nano.a(libc_a-memset.o)
 .ARM.attributes
                0x000003b7       0x34 D:/STM32 Download/CubeIDE/STM32CubeIDE_1.14.1/STM32CubeIDE/plugins/com.st.stm32cube.ide.mcu.externaltools.gnu-tools-for-stm32.13.3.rel1.win32_1.0.0.202411081344/tools/bin/../lib/gcc/arm-none-eabi/13.3.1/../../../../arm-none-eabi/lib/thumb/v7e-m+fp/hard\libc_nano.a(libc_a-init.o)
 .ARM.attributes
                0x000003eb       0x22 D:/STM32 Download/CubeIDE/STM32CubeIDE_1.14.1/STM32CubeIDE/plugins/com.st.stm32cube.ide.mcu.externaltools.gnu-tools-for-stm32.13.3.rel1.win32_1.0.0.202411081344/tools/bin/../lib/gcc/arm-none-eabi/13.3.1/thumb/v7e-m+fp/hard\libgcc.a(_arm_addsubdf3.o)
 .ARM.attributes
                0x0000040d       0x22 D:/STM32 Download/CubeIDE/STM32CubeIDE_1.14.1/STM32CubeIDE/plugins/com.st.stm32cube.ide.mcu.externaltools.gnu-tools-for-stm32.13.3.rel1.win32_1.0.0.202411081344/tools/bin/../lib/gcc/arm-none-eabi/13.3.1/thumb/v7e-m+fp/hard\libgcc.a(_arm_muldivdf3.o)
 .ARM.attributes
                0x0000042f       0x22 D:/STM32 Download/CubeIDE/STM32CubeIDE_1.14.1/STM32CubeIDE/plugins/com.st.stm32cube.ide.mcu.externaltools.gnu-tools-for-stm32.13.3.rel1.win32_1.0.0.202411081344/tools/bin/../lib/gcc/arm-none-eabi/13.3.1/thumb/v7e-m+fp/hard\libgcc.a(_arm_fixunsdfsi.o)
 .ARM.attributes
                0x00000451       0x22 D:/STM32 Download/CubeIDE/STM32CubeIDE_1.14.1/STM32CubeIDE/plugins/com.st.stm32cube.ide.mcu.externaltools.gnu-tools-for-stm32.13.3.rel1.win32_1.0.0.202411081344/tools/bin/../lib/gcc/arm-none-eabi/13.3.1/thumb/v7e-m+fp/hard\libgcc.a(_aeabi_uldivmod.o)
 .ARM.attributes
                0x00000473       0x34 D:/STM32 Download/CubeIDE/STM32CubeIDE_1.14.1/STM32CubeIDE/plugins/com.st.stm32cube.ide.mcu.externaltools.gnu-tools-for-stm32.13.3.rel1.win32_1.0.0.202411081344/tools/bin/../lib/gcc/arm-none-eabi/13.3.1/thumb/v7e-m+fp/hard\libgcc.a(_udivmoddi4.o)
 .ARM.attributes
                0x000004a7       0x22 D:/STM32 Download/CubeIDE/STM32CubeIDE_1.14.1/STM32CubeIDE/plugins/com.st.stm32cube.ide.mcu.externaltools.gnu-tools-for-stm32.13.3.rel1.win32_1.0.0.202411081344/tools/bin/../lib/gcc/arm-none-eabi/13.3.1/thumb/v7e-m+fp/hard\libgcc.a(_dvmd_tls.o)
 .ARM.attributes
                0x000004c9       0x22 D:/STM32 Download/CubeIDE/STM32CubeIDE_1.14.1/STM32CubeIDE/plugins/com.st.stm32cube.ide.mcu.externaltools.gnu-tools-for-stm32.13.3.rel1.win32_1.0.0.202411081344/tools/bin/../lib/gcc/arm-none-eabi/13.3.1/thumb/v7e-m+fp/hard/crtn.o
OUTPUT(Noeud capteurs.elf elf32-littlearm)
LOAD linker stubs
LOAD D:/STM32 Download/CubeIDE/STM32CubeIDE_1.14.1/STM32CubeIDE/plugins/com.st.stm32cube.ide.mcu.externaltools.gnu-tools-for-stm32.13.3.rel1.win32_1.0.0.202411081344/tools/bin/../lib/gcc/arm-none-eabi/13.3.1/../../../../arm-none-eabi/lib/thumb/v7e-m+fp/hard\libc.a
LOAD D:/STM32 Download/CubeIDE/STM32CubeIDE_1.14.1/STM32CubeIDE/plugins/com.st.stm32cube.ide.mcu.externaltools.gnu-tools-for-stm32.13.3.rel1.win32_1.0.0.202411081344/tools/bin/../lib/gcc/arm-none-eabi/13.3.1/../../../../arm-none-eabi/lib/thumb/v7e-m+fp/hard\libm.a
LOAD D:/STM32 Download/CubeIDE/STM32CubeIDE_1.14.1/STM32CubeIDE/plugins/com.st.stm32cube.ide.mcu.externaltools.gnu-tools-for-stm32.13.3.rel1.win32_1.0.0.202411081344/tools/bin/../lib/gcc/arm-none-eabi/13.3.1/thumb/v7e-m+fp/hard\libgcc.a

.debug_info     0x00000000    0x107a4
 .debug_info    0x00000000     0x1e3c ./Core/Src/main.o
 .debug_info    0x00001e3c     0x16c5 ./Core/Src/stm32f4xx_hal_msp.o
 .debug_info    0x00003501      0x92e ./Core/Src/stm32f4xx_it.o
 .debug_info    0x00003e2f      0x512 ./Core/Src/system_stm32f4xx.o
 .debug_info    0x00004341       0x30 ./Core/Startup/startup_stm32f407vgtx.o
 .debug_info    0x00004371      0x944 ./Drivers/STM32F4xx_HAL_Driver/Src/stm32f4xx_hal.o
 .debug_info    0x00004cb5      0xcd4 ./Drivers/STM32F4xx_HAL_Driver/Src/stm32f4xx_hal_adc.o
 .debug_info    0x00005989      0xb59 ./Drivers/STM32F4xx_HAL_Driver/Src/stm32f4xx_hal_adc_ex.o
 .debug_info    0x000064e2      0xf49 ./Drivers/STM32F4xx_HAL_Driver/Src/stm32f4xx_hal_can.o
 .debug_info    0x0000742b      0xd57 ./Drivers/STM32F4xx_HAL_Driver/Src/stm32f4xx_hal_cortex.o
 .debug_info    0x00008182      0x8e7 ./Drivers/STM32F4xx_HAL_Driver/Src/stm32f4xx_hal_dma.o
 .debug_info    0x00008a69      0x6c3 ./Drivers/STM32F4xx_HAL_Driver/Src/stm32f4xx_hal_gpio.o
 .debug_info    0x0000912c      0x8b1 ./Drivers/STM32F4xx_HAL_Driver/Src/stm32f4xx_hal_rcc.o
 .debug_info    0x000099dd     0x299d ./Drivers/STM32F4xx_HAL_Driver/Src/stm32f4xx_hal_tim.o
 .debug_info    0x0000c37a     0x14db ./Drivers/STM32F4xx_HAL_Driver/Src/stm32f4xx_hal_tim_ex.o
 .debug_info    0x0000d855     0x2f4f ./Drivers/STM32F4xx_HAL_Driver/Src/stm32f4xx_hal_uart.o

.debug_abbrev   0x00000000     0x2458
 .debug_abbrev  0x00000000      0x367 ./Core/Src/main.o
 .debug_abbrev  0x00000367      0x2af ./Core/Src/stm32f4xx_hal_msp.o
 .debug_abbrev  0x00000616      0x1b7 ./Core/Src/stm32f4xx_it.o
 .debug_abbrev  0x000007cd      0x11a ./Core/Src/system_stm32f4xx.o
 .debug_abbrev  0x000008e7       0x24 ./Core/Startup/startup_stm32f407vgtx.o
 .debug_abbrev  0x0000090b      0x214 ./Drivers/STM32F4xx_HAL_Driver/Src/stm32f4xx_hal.o
 .debug_abbrev  0x00000b1f      0x252 ./Drivers/STM32F4xx_HAL_Driver/Src/stm32f4xx_hal_adc.o
 .debug_abbrev  0x00000d71      0x270 ./Drivers/STM32F4xx_HAL_Driver/Src/stm32f4xx_hal_adc_ex.o
 .debug_abbrev  0x00000fe1      0x258 ./Drivers/STM32F4xx_HAL_Driver/Src/stm32f4xx_hal_can.o
 .debug_abbrev  0x00001239      0x328 ./Drivers/STM32F4xx_HAL_Driver/Src/stm32f4xx_hal_cortex.o
 .debug_abbrev  0x00001561      0x264 ./Drivers/STM32F4xx_HAL_Driver/Src/stm32f4xx_hal_dma.o
 .debug_abbrev  0x000017c5      0x1d4 ./Drivers/STM32F4xx_HAL_Driver/Src/stm32f4xx_hal_gpio.o
 .debug_abbrev  0x00001999      0x2b6 ./Drivers/STM32F4xx_HAL_Driver/Src/stm32f4xx_hal_rcc.o
 .debug_abbrev  0x00001c4f      0x278 ./Drivers/STM32F4xx_HAL_Driver/Src/stm32f4xx_hal_tim.o
 .debug_abbrev  0x00001ec7      0x283 ./Drivers/STM32F4xx_HAL_Driver/Src/stm32f4xx_hal_tim_ex.o
 .debug_abbrev  0x0000214a      0x30e ./Drivers/STM32F4xx_HAL_Driver/Src/stm32f4xx_hal_uart.o

.debug_aranges  0x00000000      0xf40
 .debug_aranges
                0x00000000       0x98 ./Core/Src/main.o
 .debug_aranges
                0x00000098       0x60 ./Core/Src/stm32f4xx_hal_msp.o
 .debug_aranges
                0x000000f8       0x88 ./Core/Src/stm32f4xx_it.o
 .debug_aranges
                0x00000180       0x28 ./Core/Src/system_stm32f4xx.o
 .debug_aranges
                0x000001a8       0x28 ./Core/Startup/startup_stm32f407vgtx.o
 .debug_aranges
                0x000001d0       0xf0 ./Drivers/STM32F4xx_HAL_Driver/Src/stm32f4xx_hal.o
 .debug_aranges
                0x000002c0       0xe8 ./Drivers/STM32F4xx_HAL_Driver/Src/stm32f4xx_hal_adc.o
 .debug_aranges
                0x000003a8       0x90 ./Drivers/STM32F4xx_HAL_Driver/Src/stm32f4xx_hal_adc_ex.o
 .debug_aranges
                0x00000438      0x138 ./Drivers/STM32F4xx_HAL_Driver/Src/stm32f4xx_hal_can.o
 .debug_aranges
                0x00000570      0x120 ./Drivers/STM32F4xx_HAL_Driver/Src/stm32f4xx_hal_cortex.o
 .debug_aranges
                0x00000690       0x90 ./Drivers/STM32F4xx_HAL_Driver/Src/stm32f4xx_hal_dma.o
 .debug_aranges
                0x00000720       0x58 ./Drivers/STM32F4xx_HAL_Driver/Src/stm32f4xx_hal_gpio.o
 .debug_aranges
                0x00000778       0x88 ./Drivers/STM32F4xx_HAL_Driver/Src/stm32f4xx_hal_rcc.o
 .debug_aranges
                0x00000800      0x3d0 ./Drivers/STM32F4xx_HAL_Driver/Src/stm32f4xx_hal_tim.o
 .debug_aranges
                0x00000bd0      0x168 ./Drivers/STM32F4xx_HAL_Driver/Src/stm32f4xx_hal_tim_ex.o
 .debug_aranges
                0x00000d38      0x208 ./Drivers/STM32F4xx_HAL_Driver/Src/stm32f4xx_hal_uart.o

.debug_rnglists
                0x00000000      0xbf4
 .debug_rnglists
                0x00000000       0x73 ./Core/Src/main.o
 .debug_rnglists
                0x00000073       0x46 ./Core/Src/stm32f4xx_hal_msp.o
 .debug_rnglists
                0x000000b9       0x61 ./Core/Src/stm32f4xx_it.o
 .debug_rnglists
                0x0000011a       0x1a ./Core/Src/system_stm32f4xx.o
 .debug_rnglists
                0x00000134       0x19 ./Core/Startup/startup_stm32f407vgtx.o
 .debug_rnglists
                0x0000014d       0xaf ./Drivers/STM32F4xx_HAL_Driver/Src/stm32f4xx_hal.o
 .debug_rnglists
                0x000001fc       0xb5 ./Drivers/STM32F4xx_HAL_Driver/Src/stm32f4xx_hal_adc.o
 .debug_rnglists
                0x000002b1       0x71 ./Drivers/STM32F4xx_HAL_Driver/Src/stm32f4xx_hal_adc_ex.o
 .debug_rnglists
                0x00000322       0xee ./Drivers/STM32F4xx_HAL_Driver/Src/stm32f4xx_hal_can.o
 .debug_rnglists
                0x00000410       0xd4 ./Drivers/STM32F4xx_HAL_Driver/Src/stm32f4xx_hal_cortex.o
 .debug_rnglists
                0x000004e4       0x70 ./Drivers/STM32F4xx_HAL_Driver/Src/stm32f4xx_hal_dma.o
 .debug_rnglists
                0x00000554       0x3f ./Drivers/STM32F4xx_HAL_Driver/Src/stm32f4xx_hal_gpio.o
 .debug_rnglists
                0x00000593       0x66 ./Drivers/STM32F4xx_HAL_Driver/Src/stm32f4xx_hal_rcc.o
 .debug_rnglists
                0x000005f9      0x31a ./Drivers/STM32F4xx_HAL_Driver/Src/stm32f4xx_hal_tim.o
 .debug_rnglists
                0x00000913      0x125 ./Drivers/STM32F4xx_HAL_Driver/Src/stm32f4xx_hal_tim_ex.o
 .debug_rnglists
                0x00000a38      0x1bc ./Drivers/STM32F4xx_HAL_Driver/Src/stm32f4xx_hal_uart.o

.debug_macro    0x00000000    0x2203f
 .debug_macro   0x00000000      0x227 ./Core/Src/main.o
 .debug_macro   0x00000227      0xad8 ./Core/Src/main.o
 .debug_macro   0x00000cff      0x2a7 ./Core/Src/main.o
 .debug_macro   0x00000fa6       0x2e ./Core/Src/main.o
 .debug_macro   0x00000fd4       0x2f ./Core/Src/main.o
 .debug_macro   0x00001003       0x22 ./Core/Src/main.o
 .debug_macro   0x00001025       0x8e ./Core/Src/main.o
 .debug_macro   0x000010b3       0x51 ./Core/Src/main.o
 .debug_macro   0x00001104      0x103 ./Core/Src/main.o
 .debug_macro   0x00001207       0x6a ./Core/Src/main.o
 .debug_macro   0x00001271      0x1df ./Core/Src/main.o
 .debug_macro   0x00001450       0x1c ./Core/Src/main.o
 .debug_macro   0x0000146c       0x22 ./Core/Src/main.o
 .debug_macro   0x0000148e       0xfb ./Core/Src/main.o
 .debug_macro   0x00001589     0x1011 ./Core/Src/main.o
 .debug_macro   0x0000259a      0x11f ./Core/Src/main.o
 .debug_macro   0x000026b9    0x15e97 ./Core/Src/main.o
 .debug_macro   0x00018550       0x6d ./Core/Src/main.o
 .debug_macro   0x000185bd     0x368c ./Core/Src/main.o
 .debug_macro   0x0001bc49      0x190 ./Core/Src/main.o
 .debug_macro   0x0001bdd9       0x5c ./Core/Src/main.o
 .debug_macro   0x0001be35      0x980 ./Core/Src/main.o
 .debug_macro   0x0001c7b5      0x9e9 ./Core/Src/main.o
 .debug_macro   0x0001d19e      0x115 ./Core/Src/main.o
 .debug_macro   0x0001d2b3      0x13e ./Core/Src/main.o
 .debug_macro   0x0001d3f1       0xa5 ./Core/Src/main.o
 .debug_macro   0x0001d496      0x174 ./Core/Src/main.o
 .debug_macro   0x0001d60a      0x287 ./Core/Src/main.o
 .debug_macro   0x0001d891       0x5f ./Core/Src/main.o
 .debug_macro   0x0001d8f0      0x236 ./Core/Src/main.o
 .debug_macro   0x0001db26      0xb5b ./Core/Src/main.o
 .debug_macro   0x0001e681      0x38b ./Core/Src/main.o
 .debug_macro   0x0001ea0c      0x176 ./Core/Src/main.o
 .debug_macro   0x0001eb82       0xf9 ./Core/Src/main.o
 .debug_macro   0x0001ec7b      0x40f ./Core/Src/main.o
 .debug_macro   0x0001f08a      0x12c ./Core/Src/main.o
 .debug_macro   0x0001f1b6      0x21e ./Core/Src/main.o
 .debug_macro   0x0001f3d4       0x2e ./Core/Src/main.o
 .debug_macro   0x0001f402      0x127 ./Core/Src/main.o
 .debug_macro   0x0001f529       0x7e ./Core/Src/main.o
 .debug_macro   0x0001f5a7       0x89 ./Core/Src/main.o
 .debug_macro   0x0001f630      0x8ed ./Core/Src/main.o
 .debug_macro   0x0001ff1d       0x4d ./Core/Src/main.o
 .debug_macro   0x0001ff6a      0x2aa ./Core/Src/main.o
 .debug_macro   0x00020214      0x12d ./Core/Src/main.o
 .debug_macro   0x00020341       0x34 ./Core/Src/main.o
 .debug_macro   0x00020375      0x20f ./Core/Src/stm32f4xx_hal_msp.o
 .debug_macro   0x00020584      0x219 ./Core/Src/stm32f4xx_it.o
 .debug_macro   0x0002079d      0x200 ./Core/Src/system_stm32f4xx.o
 .debug_macro   0x0002099d      0x260 ./Drivers/STM32F4xx_HAL_Driver/Src/stm32f4xx_hal.o
 .debug_macro   0x00020bfd      0x201 ./Drivers/STM32F4xx_HAL_Driver/Src/stm32f4xx_hal_adc.o
 .debug_macro   0x00020dfe      0x200 ./Drivers/STM32F4xx_HAL_Driver/Src/stm32f4xx_hal_adc_ex.o
 .debug_macro   0x00020ffe      0x20f ./Drivers/STM32F4xx_HAL_Driver/Src/stm32f4xx_hal_can.o
 .debug_macro   0x0002120d      0x200 ./Drivers/STM32F4xx_HAL_Driver/Src/stm32f4xx_hal_cortex.o
 .debug_macro   0x0002140d      0x206 ./Drivers/STM32F4xx_HAL_Driver/Src/stm32f4xx_hal_dma.o
 .debug_macro   0x00021613      0x206 ./Drivers/STM32F4xx_HAL_Driver/Src/stm32f4xx_hal_gpio.o
 .debug_macro   0x00021819      0x224 ./Drivers/STM32F4xx_HAL_Driver/Src/stm32f4xx_hal_rcc.o
 .debug_macro   0x00021a3d      0x201 ./Drivers/STM32F4xx_HAL_Driver/Src/stm32f4xx_hal_tim.o
 .debug_macro   0x00021c3e      0x200 ./Drivers/STM32F4xx_HAL_Driver/Src/stm32f4xx_hal_tim_ex.o
 .debug_macro   0x00021e3e      0x201 ./Drivers/STM32F4xx_HAL_Driver/Src/stm32f4xx_hal_uart.o

.debug_line     0x00000000    0x11f11
 .debug_line    0x00000000      0xd36 ./Core/Src/main.o
 .debug_line    0x00000d36      0x9c7 ./Core/Src/stm32f4xx_hal_msp.o
 .debug_line    0x000016fd      0x978 ./Core/Src/stm32f4xx_it.o
 .debug_line    0x00002075      0x8d6 ./Core/Src/system_stm32f4xx.o
 .debug_line    0x0000294b       0x7a ./Core/Startup/startup_stm32f407vgtx.o
 .debug_line    0x000029c5      0xb43 ./Drivers/STM32F4xx_HAL_Driver/Src/stm32f4xx_hal.o
 .debug_line    0x00003508     0x1357 ./Drivers/STM32F4xx_HAL_Driver/Src/stm32f4xx_hal_adc.o
 .debug_line    0x0000485f      0xf8b ./Drivers/STM32F4xx_HAL_Driver/Src/stm32f4xx_hal_adc_ex.o
 .debug_line    0x000057ea     0x1305 ./Drivers/STM32F4xx_HAL_Driver/Src/stm32f4xx_hal_can.o
 .debug_line    0x00006aef      0xde9 ./Drivers/STM32F4xx_HAL_Driver/Src/stm32f4xx_hal_cortex.o
 .debug_line    0x000078d8     0x10af ./Drivers/STM32F4xx_HAL_Driver/Src/stm32f4xx_hal_dma.o
 .debug_line    0x00008987      0xc9b ./Drivers/STM32F4xx_HAL_Driver/Src/stm32f4xx_hal_gpio.o
 .debug_line    0x00009622      0xf3a ./Drivers/STM32F4xx_HAL_Driver/Src/stm32f4xx_hal_rcc.o
 .debug_line    0x0000a55c     0x38c0 ./Drivers/STM32F4xx_HAL_Driver/Src/stm32f4xx_hal_tim.o
 .debug_line    0x0000de1c     0x1aa3 ./Drivers/STM32F4xx_HAL_Driver/Src/stm32f4xx_hal_tim_ex.o
 .debug_line    0x0000f8bf     0x2652 ./Drivers/STM32F4xx_HAL_Driver/Src/stm32f4xx_hal_uart.o

.debug_str      0x00000000    0xd6dc8
 .debug_str     0x00000000    0xd6dc8 ./Core/Src/main.o
                              0xd3c89 (size before relaxing)
 .debug_str     0x000d6dc8    0xd3789 ./Core/Src/stm32f4xx_hal_msp.o
 .debug_str     0x000d6dc8    0xd2c48 ./Core/Src/stm32f4xx_it.o
 .debug_str     0x000d6dc8    0xd25dd ./Core/Src/system_stm32f4xx.o
 .debug_str     0x000d6dc8       0x7b ./Core/Startup/startup_stm32f407vgtx.o
 .debug_str     0x000d6dc8    0xd3161 ./Drivers/STM32F4xx_HAL_Driver/Src/stm32f4xx_hal.o
 .debug_str     0x000d6dc8    0xd2bca ./Drivers/STM32F4xx_HAL_Driver/Src/stm32f4xx_hal_adc.o
 .debug_str     0x000d6dc8    0xd2c1e ./Drivers/STM32F4xx_HAL_Driver/Src/stm32f4xx_hal_adc_ex.o
 .debug_str     0x000d6dc8    0xd2cd7 ./Drivers/STM32F4xx_HAL_Driver/Src/stm32f4xx_hal_can.o
 .debug_str     0x000d6dc8    0xd2eab ./Drivers/STM32F4xx_HAL_Driver/Src/stm32f4xx_hal_cortex.o
 .debug_str     0x000d6dc8    0xd29f7 ./Drivers/STM32F4xx_HAL_Driver/Src/stm32f4xx_hal_dma.o
 .debug_str     0x000d6dc8    0xd2758 ./Drivers/STM32F4xx_HAL_Driver/Src/stm32f4xx_hal_gpio.o
 .debug_str     0x000d6dc8    0xd2a11 ./Drivers/STM32F4xx_HAL_Driver/Src/stm32f4xx_hal_rcc.o
 .debug_str     0x000d6dc8    0xd3967 ./Drivers/STM32F4xx_HAL_Driver/Src/stm32f4xx_hal_tim.o
 .debug_str     0x000d6dc8    0xd3173 ./Drivers/STM32F4xx_HAL_Driver/Src/stm32f4xx_hal_tim_ex.o
 .debug_str     0x000d6dc8    0xd2ff2 ./Drivers/STM32F4xx_HAL_Driver/Src/stm32f4xx_hal_uart.o

.comment        0x00000000       0x43
 .comment       0x00000000       0x43 ./Core/Src/main.o
                                 0x44 (size before relaxing)
 .comment       0x00000043       0x44 ./Core/Src/stm32f4xx_hal_msp.o
 .comment       0x00000043       0x44 ./Core/Src/stm32f4xx_it.o
 .comment       0x00000043       0x44 ./Core/Src/system_stm32f4xx.o
 .comment       0x00000043       0x44 ./Drivers/STM32F4xx_HAL_Driver/Src/stm32f4xx_hal.o
 .comment       0x00000043       0x44 ./Drivers/STM32F4xx_HAL_Driver/Src/stm32f4xx_hal_adc.o
 .comment       0x00000043       0x44 ./Drivers/STM32F4xx_HAL_Driver/Src/stm32f4xx_hal_adc_ex.o
 .comment       0x00000043       0x44 ./Drivers/STM32F4xx_HAL_Driver/Src/stm32f4xx_hal_can.o
 .comment       0x00000043       0x44 ./Drivers/STM32F4xx_HAL_Driver/Src/stm32f4xx_hal_cortex.o
 .comment       0x00000043       0x44 ./Drivers/STM32F4xx_HAL_Driver/Src/stm32f4xx_hal_dma.o
 .comment       0x00000043       0x44 ./Drivers/STM32F4xx_HAL_Driver/Src/stm32f4xx_hal_gpio.o
 .comment       0x00000043       0x44 ./Drivers/STM32F4xx_HAL_Driver/Src/stm32f4xx_hal_rcc.o
 .comment       0x00000043       0x44 ./Drivers/STM32F4xx_HAL_Driver/Src/stm32f4xx_hal_tim.o
 .comment       0x00000043       0x44 ./Drivers/STM32F4xx_HAL_Driver/Src/stm32f4xx_hal_tim_ex.o
 .comment       0x00000043       0x44 ./Drivers/STM32F4xx_HAL_Driver/Src/stm32f4xx_hal_uart.o

.debug_frame    0x00000000     0x4244
 .debug_frame   0x00000000      0x23c ./Core/Src/main.o
 .debug_frame   0x0000023c      0x160 ./Core/Src/stm32f4xx_hal_msp.o
 .debug_frame   0x0000039c      0x190 ./Core/Src/stm32f4xx_it.o
 .debug_frame   0x0000052c       0x58 ./Core/Src/system_stm32f4xx.o
 .debug_frame   0x00000584      0x374 ./Drivers/STM32F4xx_HAL_Driver/Src/stm32f4xx_hal.o
 .debug_frame   0x000008f8      0x3fc ./Drivers/STM32F4xx_HAL_Driver/Src/stm32f4xx_hal_adc.o
 .debug_frame   0x00000cf4      0x250 ./Drivers/STM32F4xx_HAL_Driver/Src/stm32f4xx_hal_adc_ex.o
 .debug_frame   0x00000f44      0x5a0 ./Drivers/STM32F4xx_HAL_Driver/Src/stm32f4xx_hal_can.o
 .debug_frame   0x000014e4      0x4b8 ./Drivers/STM32F4xx_HAL_Driver/Src/stm32f4xx_hal_cortex.o
 .debug_frame   0x0000199c      0x250 ./Drivers/STM32F4xx_HAL_Driver/Src/stm32f4xx_hal_dma.o
 .debug_frame   0x00001bec      0x14c ./Drivers/STM32F4xx_HAL_Driver/Src/stm32f4xx_hal_gpio.o
 .debug_frame   0x00001d38      0x1f4 ./Drivers/STM32F4xx_HAL_Driver/Src/stm32f4xx_hal_rcc.o
 .debug_frame   0x00001f2c     0x11c0 ./Drivers/STM32F4xx_HAL_Driver/Src/stm32f4xx_hal_tim.o
 .debug_frame   0x000030ec      0x638 ./Drivers/STM32F4xx_HAL_Driver/Src/stm32f4xx_hal_tim_ex.o
 .debug_frame   0x00003724      0x954 ./Drivers/STM32F4xx_HAL_Driver/Src/stm32f4xx_hal_uart.o
 .debug_frame   0x00004078       0x20 D:/STM32 Download/CubeIDE/STM32CubeIDE_1.14.1/STM32CubeIDE/plugins/com.st.stm32cube.ide.mcu.externaltools.gnu-tools-for-stm32.13.3.rel1.win32_1.0.0.202411081344/tools/bin/../lib/gcc/arm-none-eabi/13.3.1/../../../../arm-none-eabi/lib/thumb/v7e-m+fp/hard\libc_nano.a(libc_a-memset.o)
 .debug_frame   0x00004098       0x2c D:/STM32 Download/CubeIDE/STM32CubeIDE_1.14.1/STM32CubeIDE/plugins/com.st.stm32cube.ide.mcu.externaltools.gnu-tools-for-stm32.13.3.rel1.win32_1.0.0.202411081344/tools/bin/../lib/gcc/arm-none-eabi/13.3.1/../../../../arm-none-eabi/lib/thumb/v7e-m+fp/hard\libc_nano.a(libc_a-init.o)
 .debug_frame   0x000040c4       0xac D:/STM32 Download/CubeIDE/STM32CubeIDE_1.14.1/STM32CubeIDE/plugins/com.st.stm32cube.ide.mcu.externaltools.gnu-tools-for-stm32.13.3.rel1.win32_1.0.0.202411081344/tools/bin/../lib/gcc/arm-none-eabi/13.3.1/thumb/v7e-m+fp/hard\libgcc.a(_arm_addsubdf3.o)
 .debug_frame   0x00004170       0x50 D:/STM32 Download/CubeIDE/STM32CubeIDE_1.14.1/STM32CubeIDE/plugins/com.st.stm32cube.ide.mcu.externaltools.gnu-tools-for-stm32.13.3.rel1.win32_1.0.0.202411081344/tools/bin/../lib/gcc/arm-none-eabi/13.3.1/thumb/v7e-m+fp/hard\libgcc.a(_arm_muldivdf3.o)
 .debug_frame   0x000041c0       0x24 D:/STM32 Download/CubeIDE/STM32CubeIDE_1.14.1/STM32CubeIDE/plugins/com.st.stm32cube.ide.mcu.externaltools.gnu-tools-for-stm32.13.3.rel1.win32_1.0.0.202411081344/tools/bin/../lib/gcc/arm-none-eabi/13.3.1/thumb/v7e-m+fp/hard\libgcc.a(_arm_fixunsdfsi.o)
 .debug_frame   0x000041e4       0x2c D:/STM32 Download/CubeIDE/STM32CubeIDE_1.14.1/STM32CubeIDE/plugins/com.st.stm32cube.ide.mcu.externaltools.gnu-tools-for-stm32.13.3.rel1.win32_1.0.0.202411081344/tools/bin/../lib/gcc/arm-none-eabi/13.3.1/thumb/v7e-m+fp/hard\libgcc.a(_aeabi_uldivmod.o)
 .debug_frame   0x00004210       0x34 D:/STM32 Download/CubeIDE/STM32CubeIDE_1.14.1/STM32CubeIDE/plugins/com.st.stm32cube.ide.mcu.externaltools.gnu-tools-for-stm32.13.3.rel1.win32_1.0.0.202411081344/tools/bin/../lib/gcc/arm-none-eabi/13.3.1/thumb/v7e-m+fp/hard\libgcc.a(_udivmoddi4.o)

.debug_line_str
                0x00000000       0x5f
 .debug_line_str
                0x00000000       0x5f ./Core/Startup/startup_stm32f407vgtx.o
